{
  "aio": {
    "uncompressed": {
      "runtime": 4325,
      "main": 466984,
      "polyfills": 33938,
      "styles": 74561,
      "light-theme": 91144,
      "dark-theme": 91290
    }
  },
  "aio-local": {
    "uncompressed": {
      "runtime": 4325,
      "main": 466201,
      "polyfills": 33836,
      "styles": 74561,
      "light-theme": 91144,
      "dark-theme": 91290
    }
  }
}
